border_size=1
usage=map

Gg          , Gg          , Gg          , Gg          , Gg          , Gg          , Gg          , Gg          , Gg          , Gg          , Gg          , Gg          , Gg          , Gg          , Gg          , Gg          , Gg          , Gg          , Gg          , Gg          , Gg          , Gg          , Gg          , Gg          , Gg          , Gg          , Gg          
Gg          , Gg          , Gg          , Gg          , Gg          , Gg          , Gs^Fp       , Gs^Fp       , Gs^Fp       , Gg          , Gg          , Gg          , Gg          , Gg          , Gg          , Gg          , Gg          , Gg          , Gg          , Gg          , Gg          , Gg          , Gg          , Gg          , Gg          , Gg          , Gg          
Gg          , Gg          , Gg          , Gg          , Gs^Fp       , Gs^Fp       , Gs^Fp       , Gs^Fp       , Gs^Fp       , Gg          , Gg          , Gg          , Gg          , Gg          , Gs^Fp       , Gs^Fp       , Gg          , Gg          , Gg          , Gg          , Ch          , Gg          , Gg          , Gg          , Gg          , Gg          , Gg          
Gg          , Gg          , Gg          , Gs^Fp       , Gs^Fp       , Gg          , Gs^Fp       , Gs^Fp       , Gs^Fp       , Gs^Fp       , Gs^Fp       , Gg          , Gg          , Gg          , Gs^Fp       , Gs^Fp       , Gs^Fp       , Gg          , Gg          , Ch          , 2 Kh        , Ch          , Gg          , Gg          , Gg          , Gg          , Gg          
Gg          , Gg          , Gg          , Gg          , Gg          , Gs^Fp       , Gs^Fp       , Gs^Fp       , Gs^Fp       , Gs^Fp       , Gs^Fp       , Gg          , Gg          , Gg          , Gs^Fp       , Gs^Fp       , Gs^Fp       , Gs^Fp       , Gs^Fp       , Ch          , Ch          , Ch          , Gg          , Gg          , Gg          , Gg          , Gg          
Gg          , Gg          , Gg          , Gg          , Gg          , Gg          , Gs^Fp       , Gs^Fp       , Gs^Fp       , Gs^Fp       , Gs^Fp       , Gg          , Gg          , Gg          , Gs^Fp       , Gs^Fp       , Gs^Fp       , Gs^Fp       , Gg          , Rp          , Gg          , Gg          , Gg          , Gg          , Gg          , Gg^Ve       , Gg          
Gg          , Gg          , Gg          , Gg          , Gg          , Gs^Fp       , Gs^Fp       , Gs^Fp       , Gs^Fp       , Gg          , Hh          , Hh          , Gg          , Gg          , Gg          , Gs^Fp       , Gg          , Gg          , Rp          , Rp          , Gs^Fp       , Gg          , Gs^Fp       , Gs^Fp       , Gs^Fp       , Gg          , Gs^Fp       
Gs^Fp       , Gg          , Gg          , Gg          , Gg          , Gg          , Gs^Fp       , Gg          , Gs^Fp       , Gs^Fp       , Hh          , Hh          , Hh          , Gg^Ve       , Gg          , Gg          , Rp          , Rp          , Gg          , Gs^Fp       , Gs^Fp       , Gs^Fp       , Gg          , Gs^Fp       , Gs^Fp       , Gs^Fp       , Gs^Fp       
Gs^Fp       , Gs^Fp       , Gs^Fp       , Gg          , Gg          , Gg          , Gg          , Gs^Fp       , Gg          , Hh          , Hh          , Mm          , Mm          , Hh          , Rp          , Rp          , Gs^Fp       , Gs^Fp       , Gs^Fp       , Gg          , Gg          , Gg          , Gg          , Hh          , Hh          , Gs^Fp       , Gs^Fp       
Gg          , Gs^Fp       , Gs^Fp       , Gs^Fp       , Gg          , Gg          , Gg          , Gg          , Gg          , Hh          , Hh          , Mm          , Mm          , Hh          , Rp          , Gs^Fp       , Gs^Fp       , Gs^Fp       , Gs^Fp       , Gs^Fp       , Gg^Ve       , Gg          , Hh          , Hh          , Hh          , Gs^Fp       , Gs^Fp       
Gg          , Gs^Fp       , Gg          , Gg          , Gg          , Gg          , Gg          , Gg          , Gs^Fp       , Hh          , Hh          , Mm          , Mm          , Hh          , Rp          , Gs^Fp       , Gs^Fp       , Gs^Fp       , Gs^Fp       , Gs^Fp       , Gg          , Hh          , Hh          , Mm          , Mm          , Hh          , Gs^Fp       
Ww          , Gg          , Ww          , Gg          , Gg          , Gg          , Gg          , Gs^Fp       , Gs^Fp       , Gs^Fp       , Gs^Fp       , Hh          , Hh          , Hh          , Rp          , Gs^Fp       , Gs^Fp       , Gs^Fp       , Gg          , Gg          , Gg          , Hh          , Hh          , Mm          , Mm          , Hh          , Gs^Fp       
Wo          , Ww          , Wo          , Ww          , Wo          , Ww          , Ww          , Gg          , Gg          , Gs^Fp       , Gs^Fp       , Gs^Fp       , Hh          , Gg          , Rp          , Gg          , Gg          , Gg          , Gs^Fp       , Gg          , Gs^Fp       , Hh          , Mm          , Mm          , Mm          , Hh          , Hh          
Wo          , Wo          , Wo          , Wo          , Wo          , Wo          , Wo          , Ww          , Ww          , Gg          , Gg          , Gg          , Gg          , Gg          , Rp          , Gg          , Gg          , Gg          , Gs^Fp       , Gs^Fp       , Gs^Fp       , Hh          , Mm          , Mm          , Hh          , Hh          , Gg          
Gg          , Wo          , Ww          , Ww          , Gg          , Wo          , Wo          , Wo          , Gg          , Ww          , Ww          , Gg          , Rp          , Rp          , Gs^Fp       , Gg          , Gg          , Gg          , Gs^Fp       , Gs^Fp       , Gs^Fp       , Hh          , Hh          , Hh          , Hh          , Hh          , Gg          
Gg          , Gg          , Gg          , Ww          , Ww          , Gg          , Wo          , Wo          , Wo          , Gg          , Ww          , Gg          , Rp          , Mm          , Gs^Fp       , Gs^Fp       , Gg          , Gg          , Gg          , Gs^Fp       , Gs^Fp       , Gs^Fp       , Gg          , Gg          , Gs^Fp       , Gg          , Gg          
Gg          , Gg          , Gg          , Ww          , Ww          , Gg          , Ww          , Wo          , Wo          , Wo          , Wo^Bw/      , Ww^Bw/      , Ww          , Mm          , Mm          , Gs^Fp       , Mm          , Gg          , Gg          , Gs^Fp       , Gs^Fp       , Gg          , Gg          , Gg          , Gs^Fp       , Gs^Fp       , Gs^Fp       
Gg          , Gg          , Gg          , Gg          , Gg          , Ww          , Gg^Ve       , Ww          , Ww^Bw/      , Wo^Bw/      , Wo          , Wo          , Ww          , Mm          , Mm          , Gs^Fp       , Mm          , Mm          , Mm          , Mm          , Gg          , Gg          , Gg          , Gs^Fp       , Gs^Fp       , Gs^Fp       , Gs^Fp       
Gg          , Gg          , Gs^Fp       , Gs^Fp       , Gs^Fp       , Gg          , Rp          , Rp          , Ss          , Ww          , Ww          , Wo          , Wo          , Ww          , Mm          , Mm          , Mm          , Mm          , Mm          , Mm          , Mm          , Mm          , Gg          , Gs^Fp       , Gs^Fp       , Gs^Fp       , Gs^Fp       
Gg          , Gg          , Gs^Fp       , Gs^Fp       , Gs^Fp       , Gg          , Rp          , Ss          , Ss          , Ss          , Ss          , Ww          , Wo          , Ww          , Ww          , Ww          , Ww          , Ww          , Ww          , Mm          , Mm          , Mm          , Gg          , Gg          , Gg          , Gs^Fp       , Gg          
Gg          , Gg          , Gs^Fp       , Gs^Fp       , Gs^Fp       , Gs^Fp       , Rp          , Gg          , Gg          , Ss          , Gs^Fp       , Ss          , Ss          , Wo          , Wo          , Wo          , Wo          , Wo          , Wo          , Ww          , Ww          , Ww          , Ww          , Gg          , Gg          , Gg          , Gg          
Gg          , Gg          , Gs^Fp       , Gs^Fp       , Gs^Fp       , Gg          , Rp          , Gs^Fp       , Gs^Fp       , Gs^Fp       , Gs^Fp       , Gs^Fp       , Gs^Fp       , Gg          , Ss          , Wo          , Ss          , Ss          , Ss          , Wo          , Wo          , Wo          , Wo          , Ww          , Ww          , Ww          , Ww          
Gg          , Gs^Fp       , Gs^Fp       , Gs^Fp       , Rp          , Rp          , Gg          , Gg          , Gs^Fp       , Gs^Fp       , Gs^Fp       , Gs^Fp       , Ss          , Ss          , Ss          , Ss          , Gg          , Gg          , Gg          , Gg          , Gg          , Wo          , Wo          , Wo          , Wo          , Ww          , Ww          
Gg          , Gg          , Rp          , Rp          , Gg          , Rp          , Rp          , Ss          , Ss          , Ss          , Ss          , Ss          , Gg          , Gg          , Gg          , Gg          , Gg          , Gg          , Gg          , Gg          , Gg          , Ww          , Ww          , Wo          , Wo          , Wo          , Wo          
Rp          , Rp          , Gs^Fp       , Gg          , Ss          , Gg          , Ss          , Ss^Bw\      , Rp          , Gg          , Gg          , Gg          , Gg          , Gg          , Gg          , Gg          , Gs^Fp       , Gs^Fp       , Gs^Fp       , Gs^Fp       , Gs^Fp       , Gg          , Ww          , Ww          , Ww          , Wo          , Wo          
Gg          , Gg          , Ss          , Ss          , Ss          , Ss          , Gs^Fp       , Gs^Fp       , Gg          , Rp          , Gg          , Gg          , Gg          , Gg          , Gs^Fp       , Gs^Fp       , Gs^Fp       , Gs^Fp       , Gs^Fp       , Gs^Fp       , Gs^Fp       , Gg          , Ww          , Gg          , Gg          , Ww          , Ww          
Ss          , Ss          , Ss          , Gs^Fp       , Gs^Fp       , Gs^Fp       , Gs^Fp       , Gs^Fp       , Gg          , Rp          , Gs^Fp       , Gs^Fp       , Gs^Fp       , Gg          , Gg          , Gs^Fp       , Ce          , Ce          , Ce          , Gs^Fp       , Gg          , Gg          , Gg          , Ww          , Ww          , Ww          , Gg          
Gg          , Gg          , Gg          , Gg          , Gg          , Gs^Fp       , Gg          , Gs^Fp       , Gs^Fp       , Rp          , Rp          , Gs^Fp       , Gs^Fp       , Gg          , Gg          , Gg          , Ce          , Ke          , Ce          , Gg          , Gg          , Gg          , Gg          , Gg          , Gg          , Gg          , Gg          
Gg          , Gg          , Gg          , Gg          , Gg          , Gg          , Gg          , Gg          , Gg          , Gg          , Gs^Fp       , Rp          , Rp          , Gg          , Gs^Fp       , Gg          , Gg          , Ce          , Gs^Fp       , Gs^Fp       , Gs^Fp       , Gg^Ve       , Gg          , Gg          , Gs^Fp       , Gg          , Gg          
Gg          , Gg          , Gg          , Gg          , Gs^Fp       , Gg          , Gs^Fp       , Gs^Fp       , Gs^Fp       , Gs^Fp       , Gs^Fp       , Gg          , Rp          , 1 Gs^Fp     , Gs^Fp       , Gg          , Gg          , Gs^Fp       , Gs^Fp       , Gs^Fp       , Gs^Fp       , Gg          , Gg          , Gg          , Gs^Fp       , Gg          , Gg          
Gg          , Gs^Fp       , Gs^Fp       , Gs^Fp       , Gs^Fp       , Gs^Fp       , Gg          , Gs^Fp       , Gs^Fp       , Gg          , Gg          , Gg          , Rp          , Gs^Fp       , Gs^Fp       , Gg          , Gg          , Gs^Fp       , Gs^Fp       , Gs^Fp       , Gg          , Gs^Fp       , Gg          , Gg          , Gs^Fp       , Gs^Fp       , Gs^Fp       
Gg          , Gs^Fp       , Gg          , Gg          , Gs^Fp       , Gg          , Gs^Fp       , Gg          , Gg          , Gg          , Gg          , Gg          , Rp          , Gs^Fp       , Gs^Fp       , Gg          , Gg          , Gg          , Gg          , Gs^Fp       , Gs^Fp       , Gg          , Gg          , Gg          , Gs^Fp       , Gg          , Gs^Fp       
Gg          , Gg          , Gg          , Gg          , Gg          , Gs^Fp       , Gg          , Gs^Fp       , Gg          , Gg          , Gg          , Gs^Fp       , Rp          , Gg          , Gs^Fp       , Gs^Fp       , Gg          , Gg          , Gg          , Gg          , Gg          , Gg          , Gg          , Gg          , Gg          , Gs^Fp       , Gs^Fp       
Gg          , Gg          , Gg          , Gg          , Gg          , Gg          , Gg          , Gg          , Gg          , Gg          , Gg          , Gg          , Rp          , Gg          , Gg          , Gg          , Gg          , Gg          , Gs^Fp       , Gg          , Gs^Fp       , Gg          , Gg          , Gg          , Gg          , Gs^Fp       , Gg          
Gg          , Gg          , Gs^Fp       , Gg          , Gg          , Gg          , Gg          , Gg          , Gg          , Gg          , Gg          , Gg          , Rp          , Gg          , Gg          , Gg          , Gs^Fp       , Gs^Fp       , Gs^Fp       , Gs^Fp       , Gs^Fp       , Gg          , Gg          , Gg          , Gs^Fp       , Gg          , Gg          
Gs^Fp       , Gs^Fp       , Gs^Fp       , Gs^Fp       , Gs^Fp       , Gg          , Gs^Fp       , Gg          , Gg          , Gg          , Gg          , Gg          , Rp          , Gg          , Gs^Fp       , Gs^Fp       , Gs^Fp       , Gs^Fp       , Gs^Fp       , Gs^Fp       , Gs^Fp       , Gs^Fp       , Gs^Fp       , Gs^Fp       , Gs^Fp       , Gs^Fp       , Gs^Fp       
Gs^Fp       , Gs^Fp       , Gs^Fp       , Gs^Fp       , Gs^Fp       , Gs^Fp       , Gs^Fp       , Gs^Fp       , Gg          , Gg          , Gg          , Gg          , Rp          , Gg          , Gs^Fp       , Gs^Fp       , Gs^Fp       , Gs^Fp       , Gs^Fp       , Gs^Fp       , Gg          , Gs^Fp       , Gg          , Gs^Fp       , Gs^Fp       , Gs^Fp       , Gg          
Gs^Fp       , Gs^Fp       , Gs^Fp       , Gs^Fp       , Gs^Fp       , Gs^Fp       , Gs^Fp       , Gg          , Gg          , Gg          , Gg          , Gg          , Rp          , Gg          , Gg          , Gs^Fp       , Gs^Fp       , Gs^Fp       , Gg          , Gg          , Gg          , Gg          , Gg          , Gg          , Gg          , Gg          , Gg          
