border_size=1
usage=map

Wo^Bw\      , Wo          , Wo          , Wo          , Wo          , Wo          , Wo          , Wo          , Wo          , Wo          , Ww          , Ww          , Ww          , Wo          , Ss          , Ss          , Ss          , Wo          , Ww          
Wo          , 2 Wo^Bw\    , Wo^Bw\      , Wo          , Wo          , Wo          , Wo          , Wo          , Wo          , Wo          , Wo          , Wo          , Wo          , Ww          , Ss          , Ss          , Ss          , Ss          , Ss          
Wo          , Wo          , Wo          , Wo^Bw\      , Wo^Bw\      , Wo          , Ww          , Ww          , Gs^Fp       , Ww          , Ww          , Wo          , Wo          , Wo          , Ww          , Ss          , Ww          , Ss          , Ss          
Wo          , Wo          , Wo          , Wo          , Wo          , Wo^Bw\      , Ww^Bw\      , Gs^Fp       , Gg^Ve       , Gs^Fp       , Gs^Fp       , Wo          , Wo          , Wo          , Wo          , Ww          , Ww          , Ss          , Ss          
Wo          , Wo          , Wo          , Wo          , Ww          , Wo          , Ww          , Ww^Bw\      , Ww^Bw\      , Gs^Fp       , Gg^Ve       , Wo          , Wo          , Wo          , Wo          , Wo          , Ww          , Ww          , Ss          
Wo          , Wo          , Ww          , Ww          , Wo          , Ww          , Wo          , Wo          , Wo          , Ww^Bw\      , Wo^Bw\      , Wo          , Wo          , Wo          , Wo          , Wo          , Wo          , Ww          , Wo          
Wo          , Wo          , Ww          , Wo          , Wo          , Wo          , Wo          , Wo          , Ww          , Wo          , Wo          , Wo^Bw\      , Wo^Bw\      , Wo          , Wo          , Wo          , Wo          , Ww          , Wo          
Wo          , Wo          , Wo          , Ww          , Ww          , Wo          , Wo          , Ww          , Ww          , Ww          , Ww          , Wo          , Wo          , Wo^Bw\      , Wo^Bw\      , Wo          , Wo          , Wo          , Wo          
Wo          , Wo          , Ww          , Wo          , Wo          , Ww          , Wo          , Wo          , Wo          , Ww          , Ww          , Ww          , Ww          , Wo          , Wo          , Wo^Bw\      , Wo^Bw\      , Wo          , Wo          
Wo          , Ww          , Wo          , Ww          , Ww          , Ww          , Ww          , Ww          , Ww          , Wo          , Ww          , Ww          , Ww          , Ww          , Ww          , Wo          , Wo          , 1 Wo^Bw\    , Wo^Bw\      
Wo          , Ww          , Wo          , Ww          , Wo          , Ww          , Ww          , Ww          , Ss          , Ww          , Ss          , Ww          , Wo          , Ww          , Wo          , Wo          , Ww          , Ww          , Wo          
Ww          , Ww          , Wo          , Ww          , Ww          , Wo          , Wo          , Ww          , Ww          , Ss          , Ss          , Ww          , Ww          , Wo          , Ww          , Ww          , Wo          , Wo          , Wo          
Ss          , Wo          , Ww          , Wo          , Ww          , Ww          , Ww          , Wo          , Ww          , Ww          , Ww          , Ww          , Ww          , Ww          , Wo          , Wo          , Wo          , Wo          , Wo          
Wo          , Ss          , Ss          , Ss          , Ss          , Ww          , Ww          , Ww          , Wo          , Ww          , Ww          , Ww          , Ww          , Ww          , Ww          , Wo          , Wo          , Wo          , Wo          
Ss          , Ss          , Ss          , Ss          , Ss          , Ss          , Ss          , Ss          , Ww          , Ww          , Ww          , Ww          , Wo          , Ww          , Ww          , Ww          , Ww          , Wo          , Wo          
